// Jest Snapshot v1, https://goo.gl/fbAQLP

exports[`Modal1 snapshot test 1`] = `
<div
  className="py-5 my-5 container-fluid"
>
  <div
    className="row px-0 mt-3 align-content-center"
  >
    <div
      className="card mx-auto"
      style={
        Object {
          "width": "25rem",
        }
      }
    >
      <h4
        className="card-header text-center"
      >
        <h6>
          App
        </h6>
      </h4>
      <i
        className="bi bi-check-circle-fill text-success"
        style={
          Object {
            "fontSize": "50px",
            "textAlign": "center",
          }
        }
      />
      <div
        className="card-body"
      >
        <h4
          className="text-center"
        >
          Successfull!
        </h4>
        <h4
          className="text-center"
        >
          Dear User,
        </h4>
        <h4
          className="card-text text-center"
        >
          Your Account has been unflagged!
        </h4>
        <div
          className="mb-0 text-center"
        >
          <p
            className="mb-0"
          >
            Request to your bank for a revalidation has been cancelled.
          </p>
        </div>
      </div>
      <div
        className="card-footer d-flex"
      >
        <button
          className="btn btn-info rounded-pill w-100 ms-2 "
          onClick={[Function]}
        >
          Return
        </button>
      </div>
    </div>
  </div>
</div>
`;
