// Jest Snapshot v1, https://goo.gl/fbAQLP

exports[`Register Page snapshot test 1`] = `
<section
  className="vh-100 mt-1"
  style={
    Object {
      "backgroundColor": "#eee",
    }
  }
>
  <div
    className="container h-100"
  >
    <div
      className="row d-flex justify-content-center align-items-center h-100"
    >
      <div
        className="col-lg-12 col-xl-11"
        style={
          Object {
            "marginBottom": "50px",
          }
        }
      >
        <div
          className="card text-black"
          style={
            Object {
              "borderRadius": "25px",
            }
          }
        >
          <div
            className="card-body "
          >
            <div
              className="row justify-content-center"
            >
              <div
                className="col-md-10 col-lg-6 col-xl-5 order-2 order-lg-1"
              >
                <p
                  className="text-center h1 fw-bold mb-5 mx-1 mx-md-4 mt-4"
                >
                  Register
                </p>
                <form
                  className="mx-1 mx-md-4"
                >
                  <div
                    className="d-flex flex-row align-items-center mb-4"
                  >
                    <i
                      className="fas fa-user fa-lg me-3 fa-fw "
                    />
                    <div
                      className="form-outline flex-fill mb-0"
                    >
                      <input
                        aria-label="name"
                        className="form-control"
                        id="form3Example1c"
                        name="name"
                        onBlur={[Function]}
                        onChange={[Function]}
                        placeholder="Your Name"
                        required="required"
                        type="text"
                        value=""
                      />
                    </div>
                  </div>
                  <div
                    className="text-danger mb-3"
                    style={
                      Object {
                        "marginLeft": "50px",
                      }
                    }
                  />
                  <div
                    className="d-flex flex-row align-items-center mb-3"
                  >
                    <i
                      className="fas fa-envelope fa-lg me-3 fa-fw"
                    />
                    <div
                      className="form-outline flex-fill mb-0"
                    >
                      <input
                        aria-label="email"
                        className="form-control"
                        id="form3Example3c"
                        name="email"
                        onBlur={[Function]}
                        onChange={[Function]}
                        placeholder="Your Email"
                        required="required"
                        type="email"
                        value=""
                      />
                    </div>
                  </div>
                  <div
                    className="text-danger mb-3"
                    style={
                      Object {
                        "marginLeft": "50px",
                      }
                    }
                  />
                  <div
                    className="d-flex flex-row align-items-center mb-4"
                  >
                    <i
                      className="fas fa-solid fa-id-card fa-lg me-3 fa-fw "
                    />
                    <div
                      className="form-outline flex-fill mb-0"
                    >
                      <input
                        aria-label="pancard"
                        className="form-control"
                        id="form3Example4cd"
                        name="pancard"
                        onBlur={[Function]}
                        onChange={[Function]}
                        placeholder="Pancard"
                        required="required"
                        type="text"
                        value=""
                      />
                    </div>
                  </div>
                  <div
                    className="text-danger mb-3"
                    style={
                      Object {
                        "marginLeft": "50px",
                      }
                    }
                  />
                  <div
                    className="d-flex flex-row align-items-center mb-4"
                  >
                    <i
                      className="fas fa-key fa-lg me-3 fa-fw "
                      data-coreui-html="true"
                      data-coreui-toggle="tooltip"
                      title="length: 8-15 characters ,
 lowercase letter : atleat one, 
 uppercase letter : atleat one,
 numeric digit :atleat one,
 special character : atleat one"
                    />
                    <div
                      className="form-outline flex-fill mb-0"
                    >
                      <input
                        aria-label="password"
                        className="form-control"
                        id="form3Example4c"
                        name="password"
                        onBlur={[Function]}
                        onChange={[Function]}
                        placeholder="Password"
                        required="required"
                        title="Must contain at least one number,one special character and one uppercase and lowercase letter, and at least 8 or more characters"
                        type="password"
                        value=""
                      />
                    </div>
                  </div>
                  <div
                    className="text-danger mb-3"
                    style={
                      Object {
                        "marginLeft": "50px",
                      }
                    }
                  />
                  <div
                    className="d-flex flex-row align-items-center mb-4"
                  >
                    <i
                      className="fas fa-lock fa-lg me-3 fa-fw "
                      data-coreui-html="true"
                      data-coreui-toggle="tooltip"
                      title="length: 8-15 characters ,
 lowercase letter : atleat one, 
 uppercase letter : atleat one,
 numeric digit :atleat one,
 special character : atleat one"
                    />
                    <div
                      className="form-outline flex-fill mb-0"
                    >
                      <input
                        aria-label="confirmpassword"
                        className="form-control"
                        id="form3Example4c"
                        name="confirmpassword"
                        onBlur={[Function]}
                        onChange={[Function]}
                        placeholder="Confirm Password"
                        required="required"
                        title="Must contain at least one number,one special character and one uppercase and lowercase letter, and at least 8 or more characters"
                        type="password"
                        value=""
                      />
                    </div>
                  </div>
                  <div
                    className="text-danger mb-3"
                    style={
                      Object {
                        "marginLeft": "50px",
                      }
                    }
                  />
                  <div
                    className="d-flex justify-content-center mx-4 mb-3 mb-lg-4"
                  >
                    <button
                      aria-label="Register"
                      className="btn btn-primary btn-lg"
                      disabled={true}
                      name="Register"
                      onClick={[Function]}
                      type="submit"
                    >
                      Register
                    </button>
                  </div>
                </form>
                <div
                  className="Toastify"
                />
              </div>
              <div
                className="col-md-10 col-lg-6 col-xl-7 d-flex align-items-center order-1 order-lg-2"
              >
                <img
                  alt="a animated character walking"
                  className="img-fluid"
                  src="https://mdbcdn.b-cdn.net/img/Photos/new-templates/bootstrap-registration/draw1.webp"
                />
              </div>
            </div>
          </div>
        </div>
      </div>
    </div>
  </div>
</section>
`;
